// Vitest Snapshot v1, https://vitest.dev/guide/snapshot.html

exports[`Home component > matches snapshot 1`] = `
{
  "asFragment": [Function],
  "baseElement": <body>
    <div>
      <div
        class="_homeContainer_345077"
      >
        <img
          alt="Two fashionable purses"
          class="_hero_345077"
          src="/public/hero.jpg"
        />
        <p
          class="_heroText_345077"
        >
          Lorem ipsum dolor sit amet consectetur adipisicing elit. Voluptas, in ab. Nostrum atque harum ducimus. Repudiandae, voluptate omnis. Possimus vero eveniet voluptates? Fugiat, debitis voluptate! Ut excepturi sunt mollitia sapiente eum. Sunt modi blanditiis delectus aliquam illum, voluptates totam iure nulla, temporibus quae maxime repudiandae, saepe quam? Assumenda, laboriosam voluptates. Soluta iure qui eos officia officiis corrupti facere, in suscipit eum eaque dolorem quas cum odit. Cumque doloremque quo, ea unde perspiciatis dignissimos placeat officia harum amet at ex accusantium!
        </p>
      </div>
    </div>
  </body>,
  "container": <div>
    <div
      class="_homeContainer_345077"
    >
      <img
        alt="Two fashionable purses"
        class="_hero_345077"
        src="/public/hero.jpg"
      />
      <p
        class="_heroText_345077"
      >
        Lorem ipsum dolor sit amet consectetur adipisicing elit. Voluptas, in ab. Nostrum atque harum ducimus. Repudiandae, voluptate omnis. Possimus vero eveniet voluptates? Fugiat, debitis voluptate! Ut excepturi sunt mollitia sapiente eum. Sunt modi blanditiis delectus aliquam illum, voluptates totam iure nulla, temporibus quae maxime repudiandae, saepe quam? Assumenda, laboriosam voluptates. Soluta iure qui eos officia officiis corrupti facere, in suscipit eum eaque dolorem quas cum odit. Cumque doloremque quo, ea unde perspiciatis dignissimos placeat officia harum amet at ex accusantium!
      </p>
    </div>
  </div>,
  "debug": [Function],
  "findAllByAltText": [Function],
  "findAllByDisplayValue": [Function],
  "findAllByLabelText": [Function],
  "findAllByPlaceholderText": [Function],
  "findAllByRole": [Function],
  "findAllByTestId": [Function],
  "findAllByText": [Function],
  "findAllByTitle": [Function],
  "findByAltText": [Function],
  "findByDisplayValue": [Function],
  "findByLabelText": [Function],
  "findByPlaceholderText": [Function],
  "findByRole": [Function],
  "findByTestId": [Function],
  "findByText": [Function],
  "findByTitle": [Function],
  "getAllByAltText": [Function],
  "getAllByDisplayValue": [Function],
  "getAllByLabelText": [Function],
  "getAllByPlaceholderText": [Function],
  "getAllByRole": [Function],
  "getAllByTestId": [Function],
  "getAllByText": [Function],
  "getAllByTitle": [Function],
  "getByAltText": [Function],
  "getByDisplayValue": [Function],
  "getByLabelText": [Function],
  "getByPlaceholderText": [Function],
  "getByRole": [Function],
  "getByTestId": [Function],
  "getByText": [Function],
  "getByTitle": [Function],
  "queryAllByAltText": [Function],
  "queryAllByDisplayValue": [Function],
  "queryAllByLabelText": [Function],
  "queryAllByPlaceholderText": [Function],
  "queryAllByRole": [Function],
  "queryAllByTestId": [Function],
  "queryAllByText": [Function],
  "queryAllByTitle": [Function],
  "queryByAltText": [Function],
  "queryByDisplayValue": [Function],
  "queryByLabelText": [Function],
  "queryByPlaceholderText": [Function],
  "queryByRole": [Function],
  "queryByTestId": [Function],
  "queryByText": [Function],
  "queryByTitle": [Function],
  "rerender": [Function],
  "unmount": [Function],
}
`;
